18:55:12 **** Incremental Build of configuration Debug for project STM32F767_UDP ****
make all 
arm-none-eabi-gcc -c "../Src/main.c" -mcpu=cortex-m7 -std=gnu11 -g3 '-D__weak=__attribute__((weak))' '-D__packed=__attribute__((__packed__))' -DUSE_HAL_DRIVER -DSTM32F767xx -c -I../Inc -I../Middlewares/Third_Party/LwIP/src/include -I../Middlewares/Third_Party/LwIP/system -I../Drivers/STM32F7xx_HAL_Driver/Inc -I../Drivers/STM32F7xx_HAL_Driver/Inc/Legacy -I../Middlewares/Third_Party/LwIP/src/include/netif/ppp -I../Drivers/CMSIS/Device/ST/STM32F7xx/Include -I../Middlewares/Third_Party/LwIP/src/include/lwip -I../Middlewares/Third_Party/LwIP/src/include/lwip/apps -I../Middlewares/Third_Party/LwIP/src/include/lwip/priv -I../Middlewares/Third_Party/LwIP/src/include/lwip/prot -I../Middlewares/Third_Party/LwIP/src/include/netif -I../Middlewares/Third_Party/LwIP/src/include/posix -I../Middlewares/Third_Party/LwIP/src/include/posix/sys -I../Middlewares/Third_Party/LwIP/system/arch -I../Drivers/CMSIS/Include -Os -ffunction-sections -fdata-sections -Wall -fstack-usage -MMD -MP -MF"Src/main.d" -MT"Src/main.o" --specs=nano.specs -mfpu=fpv5-d16 -mfloat-abi=hard -mthumb -o "Src/main.o"
arm-none-eabi-gcc -o "STM32F767_UDP.elf" @"objects.list"   -mcpu=cortex-m7 -T"../STM32F767ZI_FLASH.ld" --specs=nosys.specs -Wl,-Map="STM32F767_UDP.map" -Wl,--gc-sections -static --specs=nano.specs -mfpu=fpv5-d16 -mfloat-abi=hard -mthumb -Wl,--start-group -lc -lm -Wl,--end-group
Finished building target: STM32F767_UDP.elf
 
arm-none-eabi-objdump -h -S  STM32F767_UDP.elf  > "STM32F767_UDP.list"
Finished building: STM32F767_UDP.list
 
arm-none-eabi-objcopy  -O binary  STM32F767_UDP.elf  "STM32F767_UDP.bin"
Finished building: STM32F767_UDP.bin
 
arm-none-eabi-size   STM32F767_UDP.elf 
   text	   data	    bss	    dec	    hex	filename
  40924	    128	  28672	  69724	  1105c	STM32F767_UDP.elf
Finished building: default.size.stdout
 
18:55:21 **** Incremental Build of configuration Debug for project STM32F767_UDP ****
make all 
arm-none-eabi-size   STM32F767_UDP.elf 
   text	   data	    bss	    dec	    hex	filename
  40924	    128	  28672	  69724	  1105c	STM32F767_UDP.elf
Finished building: default.size.stdout
 
